Program[langDefs=[LangDef[name=Shamroc, langItems=[SumType[name=Program, sumTypeOptions=[TypedIdent[name=Ident[string=list], type=Type[name=Def, typeParam=[]]]]], SumType[name=Def, sumTypeOptions=[TypedIdent[name=Ident[string=deflang], type=Type[name=DefLang, typeParam=[]]]]], Record[name=DefLang, recordFields=[RecordField[nameOrTypes=[TypedIdent[name=Ident[string=name], type=Type[name=name, typeParam=[]]], TypedIdent[name=Ident[string=string], type=Type[name=String, typeParam=[]]]]], RecordField[nameOrTypes=[TypedIdent[name=Ident[string=list], type=Type[name=LangItem, typeParam=[]]]]]]], SumType[name=LangItem, sumTypeOptions=[TypedIdent[name=Ident[string=record], type=Type[name=Record, typeParam=[]]], TypedIdent[name=Ident[string=sumtype], type=Type[name=SumType, typeParam=[]]]]], SumType[name=Record, sumTypeOptions=[TypedIdent[name=Ident[string=list], type=Type[name=RecordField, typeParam=[]]]]], Record[name=RecordField, recordFields=[RecordField[nameOrTypes=[TypedIdent[name=Ident[string=nameortype], type=Type[name=NameOrType, typeParam=[]]]]], RecordField[nameOrTypes=[TypedIdent[name=Ident[string=optional], type=Type[name=NameOrType, typeParam=[]]]]]]], Record[name=NameOrType, recordFields=[RecordField[nameOrTypes=[TypedIdent[name=Ident[string=string], type=Type[name=String, typeParam=[]]]]], RecordField[nameOrTypes=[TypedIdent[name=Ident[string=optional], type=Type[name=String, typeParam=[]]]]]]], Record[name=SumType, recordFields=[RecordField[nameOrTypes=[TypedIdent[name=Ident[string=string], type=Type[name=String, typeParam=[]]]]], RecordField[nameOrTypes=[TypedIdent[name=Ident[string=list], type=Type[name=SumTypeOption, typeParam=[]]]]]]], SumType[name=SumTypeOption, sumTypeOptions=[TypedIdent[name=Ident[string=record], type=Type[name=Record, typeParam=[]]], TypedIdent[name=Ident[string=nameortype], type=Type[name=NameOrType, typeParam=[]]]]]]]], sequenceDefs=[]]