(sexpr (item (list_ ( (item (atom if)) (item (atom a)) (item (list_ ( (item (atom if)) (item (atom b)) (item (atom c)) ))) ))) <EOF>)