(program (def (defLang lang Shamroc { (langItem (sumType Program : (sumTypeOption (nameOrType List < Def >))) ;) (langItem (sumType Def : (sumTypeOption (nameOrType DefLang))) ;) (langItem (record DefLang ( (recordField (nameOrType name) : (nameOrType String)) , (recordField (nameOrType List < LangItem >)) )) ;) (langItem (sumType LangItem : (sumTypeOption (nameOrType Record)) | (sumTypeOption (nameOrType SumType))) ;) (langItem (sumType Record : (sumTypeOption (nameOrType List < RecordField >))) ;) (langItem (record RecordField ( (recordField (nameOrType NameOrType)) , (recordField (nameOrType Optional < NameOrType >)) )) ;) (langItem (record NameOrType ( (recordField (nameOrType String)) , (recordField (nameOrType Optional < String >)) )) ;) (langItem (record SumType ( (recordField (nameOrType String)) , (recordField (nameOrType List < SumTypeOption >)) )) ;) (langItem (sumType SumTypeOption : (sumTypeOption (nameOrType Record)) | (sumTypeOption (nameOrType NameOrType))) ;) })) <EOF>)