Program[defs=[LangDef[name=Shamroc, langItems=[SumType[name=Program, sumTypeOptions=[NameOrType[ident1=Ident[string=List], ident2=Optional[Ident[string=Def]]]]], SumType[name=Def, sumTypeOptions=[NameOrType[ident1=Ident[string=DefLang], ident2=Optional.empty]]], Record[name=DefLang, recordFields=[RecordField[nameOrTypes=[NameOrType[ident1=Ident[string=name], ident2=Optional.empty], NameOrType[ident1=Ident[string=String], ident2=Optional.empty]]], RecordField[nameOrTypes=[NameOrType[ident1=Ident[string=List], ident2=Optional[Ident[string=LangItem]]]]]]], SumType[name=LangItem, sumTypeOptions=[NameOrType[ident1=Ident[string=Record], ident2=Optional.empty], NameOrType[ident1=Ident[string=SumType], ident2=Optional.empty]]], SumType[name=Record, sumTypeOptions=[NameOrType[ident1=Ident[string=List], ident2=Optional[Ident[string=RecordField]]]]], Record[name=RecordField, recordFields=[RecordField[nameOrTypes=[NameOrType[ident1=Ident[string=NameOrType], ident2=Optional.empty]]], RecordField[nameOrTypes=[NameOrType[ident1=Ident[string=Optional], ident2=Optional[Ident[string=NameOrType]]]]]]], Record[name=NameOrType, recordFields=[RecordField[nameOrTypes=[NameOrType[ident1=Ident[string=String], ident2=Optional.empty]]], RecordField[nameOrTypes=[NameOrType[ident1=Ident[string=Optional], ident2=Optional[Ident[string=String]]]]]]], Record[name=SumType, recordFields=[RecordField[nameOrTypes=[NameOrType[ident1=Ident[string=String], ident2=Optional.empty]]], RecordField[nameOrTypes=[NameOrType[ident1=Ident[string=List], ident2=Optional[Ident[string=SumTypeOption]]]]]]], SumType[name=SumTypeOption, sumTypeOptions=[NameOrType[ident1=Ident[string=Record], ident2=Optional.empty], NameOrType[ident1=Ident[string=NameOrType], ident2=Optional.empty]]]]]]]